> # Unknown names
> select_loc(mtcars, foobar & contains("am"))
Error: Must select existing columns.
x Can't select column with unknown name `foobar`.

> select_loc(mtcars, contains("am") | foobar)
Error: Must select existing columns.
x Can't select column with unknown name `foobar`.

> # Empty intersection
> select_loc(mtcars, cyl & am)
Error: Can't take the intersection of two columns.
i `cyl & am` is always an empty selection.

> # Symbol operands are evaluated in strict mode
> foo <- 1:2
> select_loc(iris, Species | foo)
Error: Must select existing columns.
x Can't select column with unknown name `foo`.

