> vars_pull(letters, letters)
Error: Must select with column names or locations.
x The subscript `var` has size 26 but must be size 1.

> vars_pull(letters, aa)
Error in eval_tidy(enquo(var), set_names(seq_along(vars), vars)): object 'aa' not found

> vars_pull(letters, 0)
Error: Must select with column names or locations.
x The subscript `var` has value 0 but must be a positive location.

> vars_pull(letters, 100)
Error: Must subset existing columns in `var`.
x Can't subset location 100.
i There are only 26 columns.

> vars_pull(letters, -100)
Error: Must subset existing columns in `var`.
x Can't subset location 100.
i There are only 26 columns.

> vars_pull(letters, -Inf)
Error: Must select with column names or locations.
x Lossy cast from `var` <double> to <integer>.

> vars_pull(letters, TRUE)
Error: Must select with column names or locations.
x The subscript `var` has the wrong type `logical`.
i It must contain locations or names.

> vars_pull(letters, NA)
Error: Must select with column names or locations.
x The subscript `var` can't be `NA`.

> vars_pull(letters, na_int)
Error: Must select with column names or locations.
x The subscript `var` can't be `NA`.

> vars_pull(letters, "foo")
Error: Must subset existing columns in `var`.
x Can't subset column with unknown name `foo`.

> vars_pull(letters, !!c("a", "b"))
Error: Must select with column names or locations.
x The subscript `var` has size 2 but must be size 1.

